<h1>Begin</h1>
<label>htmx</label>
<input type="text" name="email" value="">
<h2>End</h2>